******************************************************************************
                  MSP430 Linker PC v4.2.2                      
******************************************************************************
>> Linked Sat Sep 06 13:35:40 2014

OUTPUT FILE NAME:   <Demo.out>
ENTRY POINT SYMBOL: "_c_int00"  address: 0000c52a


MEMORY CONFIGURATION

         name            origin    length      used     unused   attr    fill
----------------------  --------  ---------  --------  --------  ----  --------
  SFR                   00000000   00000010  00000000  00000010  RWIX
  PERIPHERALS_8BIT      00000010   000000f0  00000000  000000f0  RWIX
  PERIPHERALS_16BIT     00000100   00000100  00000000  00000100  RWIX
  RAM                   00000200   00000200  00000076  0000018a  RWIX
  INFOD                 00001000   00000040  00000000  00000040  RWIX
  INFOC                 00001040   00000040  00000000  00000040  RWIX
  INFOB                 00001080   00000040  00000000  00000040  RWIX
  INFOA                 000010c0   00000040  00000000  00000040  RWIX
  FLASH                 0000c000   00003fe0  000006f0  000038f0  RWIX
  INT00                 0000ffe0   00000002  00000000  00000002  RWIX
  INT01                 0000ffe2   00000002  00000002  00000000  RWIX
  INT02                 0000ffe4   00000002  00000000  00000002  RWIX
  INT03                 0000ffe6   00000002  00000000  00000002  RWIX
  INT04                 0000ffe8   00000002  00000002  00000000  RWIX
  INT05                 0000ffea   00000002  00000002  00000000  RWIX
  INT06                 0000ffec   00000002  00000002  00000000  RWIX
  INT07                 0000ffee   00000002  00000000  00000002  RWIX
  INT08                 0000fff0   00000002  00000002  00000000  RWIX
  INT09                 0000fff2   00000002  00000002  00000000  RWIX
  INT10                 0000fff4   00000002  00000002  00000000  RWIX
  INT11                 0000fff6   00000002  00000000  00000002  RWIX
  INT12                 0000fff8   00000002  00000002  00000000  RWIX
  INT13                 0000fffa   00000002  00000000  00000002  RWIX
  INT14                 0000fffc   00000002  00000002  00000000  RWIX
  RESET                 0000fffe   00000002  00000002  00000000  RWIX


SECTION ALLOCATION MAP

 output                                  attributes/
section   page    origin      length       input sections
--------  ----  ----------  ----------   ----------------
.init_array 
*          0    0000c000    00000000     UNINITIALIZED

.bss       0    00000200    00000024     UNINITIALIZED
                  00000200    00000014     (.common:results)
                  00000214    00000010     (.common:strNum)

.data      0    00000224    00000002     UNINITIALIZED
                  00000224    00000002     main.obj (.data)

.TI.persistent 
*          0    00000224    00000000     UNINITIALIZED

.stack     0    000003b0    00000050     UNINITIALIZED
                  000003b0    00000002     rts430_eabi.lib : boot.obj (.stack)
                  000003b2    0000004e     --HOLE--

.text      0    0000c000    000005e8     
                  0000c000    0000009a     main.obj (.text:Port1_ISR)
                  0000c09a    0000008a     main.obj (.text:introMessage)
                  0000c124    00000084     rts430_eabi.lib : ltoa.obj (.text:ltoa)
                  0000c1a8    0000006c     main.obj (.text:Port2_ISR)
                  0000c214    0000005e     rts430_eabi.lib : copy_decompress_rle.obj (.text:__TI_decompress_rle_core)
                  0000c272    0000005e                     : autoinit.obj (.text:_auto_init)
                  0000c2d0    00000058                     : div32u.obj (.text)
                  0000c328    0000004e     main.obj (.text:main)
                  0000c376    00000040     rts430_eabi.lib : div32s.obj (.text)
                  0000c3b6    0000003a     main.obj (.text:Timer_A1_ISR)
                  0000c3f0    00000036     main.obj (.text:UART_init)
                  0000c426    00000030     main.obj (.text:serialPrintBlocking)
                  0000c456    0000002c     main.obj (.text:SD24A_ISR)
                  0000c482    00000026     main.obj (.text:XT2_clock_init)
                  0000c4a8    00000022     main.obj (.text:SD24_init)
                  0000c4ca    00000022     main.obj (.text:USART0_TX_ISR)
                  0000c4ec    00000020     main.obj (.text:timerA_init)
                  0000c50c    0000001e     main.obj (.text:switch_init)
                  0000c52a    0000001a     rts430_eabi.lib : boot.obj (.text:_c_int00_noexit)
                  0000c544    00000014     main.obj (.text:basic_clock_init)
                  0000c558    00000014     rts430_eabi.lib : copy_zero_init.obj (.text:decompress:ZI:__TI_zero_init)
                  0000c56c    00000012                     : copy_decompress_none.obj (.text:decompress:none:__TI_decompress_none)
                  0000c57e    00000012                     : memcpy.obj (.text:memcpy)
                  0000c590    00000010                     : epilog.obj (.text)
                  0000c5a0    0000000e     main.obj (.text:serialPrintNonBlocking)
                  0000c5ae    0000000a     rts430_eabi.lib : abs.obj (.text:abs)
                  0000c5b8    00000008     main.obj (.text:LED_init)
                  0000c5c0    00000008     main.obj (.text:USART0_RX_ISR)
                  0000c5c8    00000006     main.obj (.text:SD24_startConversion)
                  0000c5ce    00000006     rts430_eabi.lib : copy_decompress_rle.obj (.text:decompress:rle24:__TI_decompress_rle24)
                  0000c5d4    00000004     main.obj (.text:NMI_ISR)
                  0000c5d8    00000004     main.obj (.text:Timer_A0_ISR)
                  0000c5dc    00000004     main.obj (.text:Watchdog_ISR)
                  0000c5e0    00000004     rts430_eabi.lib : pre_init.obj (.text:_system_pre_init)
                  0000c5e4    00000004                     : exit.obj (.text:abort)

.const     0    0000c5e8    000000f0     
                  0000c5e8    00000049     main.obj (.const:.string:INTRO_1)
                  0000c631    00000001     --HOLE-- [fill = 0]
                  0000c632    00000031     main.obj (.const:.string:INTRO_2)
                  0000c663    00000001     --HOLE-- [fill = 0]
                  0000c664    00000013     main.obj (.const:.string:SW1_MSG)
                  0000c677    00000001     --HOLE-- [fill = 0]
                  0000c678    00000013     main.obj (.const:.string:SW2_MSG)
                  0000c68b    00000001     --HOLE-- [fill = 0]
                  0000c68c    00000010     main.obj (.const:.string:COMPILE_DATE)
                  0000c69c    00000010     main.obj (.const:.string:COMPILE_TIME)
                  0000c6ac    00000010     main.obj (.const:.string:COMPILE_VERSION)
                  0000c6bc    0000000a     main.obj (.const:.string:CREATED_INFO)
                  0000c6c6    0000000a     main.obj (.const:.string:VERSION_INFO)
                  0000c6d0    00000008     main.obj (.const:.string)

.cinit     0    0000c6d8    00000018     
                  0000c6d8    00000006     (.cinit..data.load) [load image]
                  0000c6de    00000006     (__TI_handler_table)
                  0000c6e4    00000004     (.cinit..bss.load) [load image, compression = zero_init]
                  0000c6e8    00000008     (__TI_cinit_table)

PORT2      0    0000ffe2    00000002     
                  0000ffe2    00000002     main.obj (.int01)

PORT1      0    0000ffe8    00000002     
                  0000ffe8    00000002     main.obj (.int04)

TIMERA1    0    0000ffea    00000002     
                  0000ffea    00000002     main.obj (.int05)

TIMERA0    0    0000ffec    00000002     
                  0000ffec    00000002     main.obj (.int06)

USART0TX   0    0000fff0    00000002     
                  0000fff0    00000002     main.obj (.int08)

USART0RX   0    0000fff2    00000002     
                  0000fff2    00000002     main.obj (.int09)

WDT        0    0000fff4    00000002     
                  0000fff4    00000002     main.obj (.int10)

SD24       0    0000fff8    00000002     
                  0000fff8    00000002     main.obj (.int12)

NMI        0    0000fffc    00000002     
                  0000fffc    00000002     main.obj (.int14)

.reset     0    0000fffe    00000002     
                  0000fffe    00000002     rts430_eabi.lib : boot.obj (.reset)


LINKER GENERATED COPY TABLES

__TI_cinit_table @ 0000c6e8 records: 2, size/record: 4, table size: 8
	.data: load addr=0000c6d8, load size=00000006 bytes, run addr=00000224, run size=00000002 bytes, compression=copy
	.bss: load addr=0000c6e4, load size=00000004 bytes, run addr=00000200, run size=00000024 bytes, compression=zero_init


LINKER GENERATED HANDLER TABLE

__TI_handler_table @ 0000c6de records: 3, size/record: 2, table size: 6
	index: 0, handler: __TI_zero_init
	index: 1, handler: __TI_decompress_rle24
	index: 2, handler: __TI_decompress_none


GLOBAL SYMBOLS: SORTED ALPHABETICALLY BY Name 

address    name
--------   ----
00000057   BCSCTL1
00000058   BCSCTL2
00000053   BCSCTL3
0000c5e4   C$$EXIT
000010fb   CALBC1_12MHZ
000010fd   CALBC1_8MHZ
000010fa   CALDCO_12MHZ
000010fc   CALDCO_8MHZ
0000c68c   COMPILE_DATE
0000c69c   COMPILE_TIME
0000c6ac   COMPILE_VERSION
0000c6bc   CREATED_INFO
00000056   DCOCTL
00000128   FCTL1
0000012a   FCTL2
0000012c   FCTL3
00000000   IE1
00000002   IFG1
0000c5e8   INTRO_1
0000c632   INTRO_2
0000c5b8   LED_init
00000134   MAC
00000136   MACS
00000004   ME1
00000130   MPY
00000132   MPYS
0000c5d4   NMI_ISR
00000138   OP2
00000022   P1DIR
00000025   P1IE
00000024   P1IES
00000023   P1IFG
00000020   P1IN
00000021   P1OUT
00000027   P1REN
00000026   P1SEL
00000041   P1SEL2
0000002a   P2DIR
0000002d   P2IE
0000002c   P2IES
0000002b   P2IFG
00000028   P2IN
00000029   P2OUT
0000002f   P2REN
0000002e   P2SEL
00000042   P2SEL2
0000c000   Port1_ISR
0000c1a8   Port2_ISR
0000013c   RESHI
0000013a   RESLO
0000c456   SD24A_ISR
00000102   SD24CCTL0
00000104   SD24CCTL1
00000106   SD24CCTL2
000000bf   SD24CONF1
00000100   SD24CTL
000000b0   SD24INCTL0
000000b1   SD24INCTL1
000000b2   SD24INCTL2
000001ae   SD24IV
00000110   SD24MEM0
00000112   SD24MEM1
00000114   SD24MEM2
000000b8   SD24PRE0
000000b9   SD24PRE1
000000ba   SD24PRE2
0000c4a8   SD24_init
0000c5c8   SD24_startConversion
0000013e   SUMEXT
00000055   SVSCTL
0000c664   SW1_MSG
0000c678   SW2_MSG
00000172   TACCR0
00000174   TACCR1
00000176   TACCR2
00000162   TACCTL0
00000164   TACCTL1
00000166   TACCTL2
00000160   TACTL
0000012e   TAIV
00000170   TAR
0000c5d8   Timer_A0_ISR
0000c3b6   Timer_A1_ISR
00000074   U0BR0
00000075   U0BR1
00000070   U0CTL
00000073   U0MCTL
00000072   U0RCTL
00000076   U0RXBUF
00000071   U0TCTL
00000077   U0TXBUF
0000c3f0   UART_init
0000c5c0   USART0_RX_ISR
0000c4ca   USART0_TX_ISR
0000c6c6   VERSION_INFO
00000120   WDTCTL
0000c5dc   Watchdog_ISR
0000c482   XT2_clock_init
00000400   __STACK_END
00000050   __STACK_SIZE
0000c6e8   __TI_CINIT_Base
0000c6f0   __TI_CINIT_Limit
0000c6de   __TI_Handler_Table_Base
0000c6e4   __TI_Handler_Table_Limit
UNDEFED    __TI_INITARRAY_Base
UNDEFED    __TI_INITARRAY_Limit
00000001   __TI_args_main
0000c56c   __TI_decompress_none
0000c5ce   __TI_decompress_rle24
00000001   __TI_exit
0000ffe2   __TI_int01
0000ffe8   __TI_int04
0000ffea   __TI_int05
0000ffec   __TI_int06
0000fff0   __TI_int08
0000fff2   __TI_int09
0000fff4   __TI_int10
0000fff8   __TI_int12
0000fffc   __TI_int14
0000c558   __TI_zero_init
ffffffff   __binit__
ffffffff   __c_args__
0000c376   __mspabi_divli
0000c2d0   __mspabi_divul
0000c59c   __mspabi_func_epilog_1
0000c59a   __mspabi_func_epilog_2
0000c598   __mspabi_func_epilog_3
0000c596   __mspabi_func_epilog_4
0000c594   __mspabi_func_epilog_5
0000c592   __mspabi_func_epilog_6
0000c590   __mspabi_func_epilog_7
0000c376   __mspabi_remli
0000c2d0   __mspabi_remul
0000c272   _auto_init
0000c52a   _c_int00
0000c52a   _c_int00_noexit
0000fffe   _reset_vector
000003b0   _stack
0000c5e0   _system_pre_init
0000c5e4   abort
0000c5ae   abs
0000c544   basic_clock_init
ffffffff   binit
0000c09a   introMessage
0000c124   ltoa
0000c328   main
0000c57e   memcpy
00000224   pMsg
00000200   results
0000c426   serialPrintBlocking
0000c5a0   serialPrintNonBlocking
00000214   strNum
0000c50c   switch_init
0000c4ec   timerA_init


GLOBAL SYMBOLS: SORTED BY Symbol Address 

address    name
--------   ----
00000000   IE1
00000001   __TI_args_main
00000001   __TI_exit
00000002   IFG1
00000004   ME1
00000020   P1IN
00000021   P1OUT
00000022   P1DIR
00000023   P1IFG
00000024   P1IES
00000025   P1IE
00000026   P1SEL
00000027   P1REN
00000028   P2IN
00000029   P2OUT
0000002a   P2DIR
0000002b   P2IFG
0000002c   P2IES
0000002d   P2IE
0000002e   P2SEL
0000002f   P2REN
00000041   P1SEL2
00000042   P2SEL2
00000050   __STACK_SIZE
00000053   BCSCTL3
00000055   SVSCTL
00000056   DCOCTL
00000057   BCSCTL1
00000058   BCSCTL2
00000070   U0CTL
00000071   U0TCTL
00000072   U0RCTL
00000073   U0MCTL
00000074   U0BR0
00000075   U0BR1
00000076   U0RXBUF
00000077   U0TXBUF
000000b0   SD24INCTL0
000000b1   SD24INCTL1
000000b2   SD24INCTL2
000000b8   SD24PRE0
000000b9   SD24PRE1
000000ba   SD24PRE2
000000bf   SD24CONF1
00000100   SD24CTL
00000102   SD24CCTL0
00000104   SD24CCTL1
00000106   SD24CCTL2
00000110   SD24MEM0
00000112   SD24MEM1
00000114   SD24MEM2
00000120   WDTCTL
00000128   FCTL1
0000012a   FCTL2
0000012c   FCTL3
0000012e   TAIV
00000130   MPY
00000132   MPYS
00000134   MAC
00000136   MACS
00000138   OP2
0000013a   RESLO
0000013c   RESHI
0000013e   SUMEXT
00000160   TACTL
00000162   TACCTL0
00000164   TACCTL1
00000166   TACCTL2
00000170   TAR
00000172   TACCR0
00000174   TACCR1
00000176   TACCR2
000001ae   SD24IV
00000200   results
00000214   strNum
00000224   pMsg
000003b0   _stack
00000400   __STACK_END
000010fa   CALDCO_12MHZ
000010fb   CALBC1_12MHZ
000010fc   CALDCO_8MHZ
000010fd   CALBC1_8MHZ
0000c000   Port1_ISR
0000c09a   introMessage
0000c124   ltoa
0000c1a8   Port2_ISR
0000c272   _auto_init
0000c2d0   __mspabi_divul
0000c2d0   __mspabi_remul
0000c328   main
0000c376   __mspabi_divli
0000c376   __mspabi_remli
0000c3b6   Timer_A1_ISR
0000c3f0   UART_init
0000c426   serialPrintBlocking
0000c456   SD24A_ISR
0000c482   XT2_clock_init
0000c4a8   SD24_init
0000c4ca   USART0_TX_ISR
0000c4ec   timerA_init
0000c50c   switch_init
0000c52a   _c_int00
0000c52a   _c_int00_noexit
0000c544   basic_clock_init
0000c558   __TI_zero_init
0000c56c   __TI_decompress_none
0000c57e   memcpy
0000c590   __mspabi_func_epilog_7
0000c592   __mspabi_func_epilog_6
0000c594   __mspabi_func_epilog_5
0000c596   __mspabi_func_epilog_4
0000c598   __mspabi_func_epilog_3
0000c59a   __mspabi_func_epilog_2
0000c59c   __mspabi_func_epilog_1
0000c5a0   serialPrintNonBlocking
0000c5ae   abs
0000c5b8   LED_init
0000c5c0   USART0_RX_ISR
0000c5c8   SD24_startConversion
0000c5ce   __TI_decompress_rle24
0000c5d4   NMI_ISR
0000c5d8   Timer_A0_ISR
0000c5dc   Watchdog_ISR
0000c5e0   _system_pre_init
0000c5e4   C$$EXIT
0000c5e4   abort
0000c5e8   INTRO_1
0000c632   INTRO_2
0000c664   SW1_MSG
0000c678   SW2_MSG
0000c68c   COMPILE_DATE
0000c69c   COMPILE_TIME
0000c6ac   COMPILE_VERSION
0000c6bc   CREATED_INFO
0000c6c6   VERSION_INFO
0000c6de   __TI_Handler_Table_Base
0000c6e4   __TI_Handler_Table_Limit
0000c6e8   __TI_CINIT_Base
0000c6f0   __TI_CINIT_Limit
0000ffe2   __TI_int01
0000ffe8   __TI_int04
0000ffea   __TI_int05
0000ffec   __TI_int06
0000fff0   __TI_int08
0000fff2   __TI_int09
0000fff4   __TI_int10
0000fff8   __TI_int12
0000fffc   __TI_int14
0000fffe   _reset_vector
ffffffff   __binit__
ffffffff   __c_args__
ffffffff   binit
UNDEFED    __TI_INITARRAY_Base
UNDEFED    __TI_INITARRAY_Limit

[154 symbols]
